=== Java Version Check ===
openjdk version "17.0.16" 2025-07-15
OpenJDK Runtime Environment Temurin-17.0.16+8 (build 17.0.16+8)
OpenJDK 64-Bit Server VM Temurin-17.0.16+8 (build 17.0.16+8, mixed mode, sharing)

=== Starting AAB Build ===

C:\Users\cntus\Desktop\tarot-timer-web\android>if "Windows_NT" == "Windows_NT" setlocal

C:\Users\cntus\Desktop\tarot-timer-web\android>set DIRNAME=C:\Users\cntus\Desktop\tarot-timer-web\android\ 

C:\Users\cntus\Desktop\tarot-timer-web\android>if "C:\Users\cntus\Desktop\tarot-timer-web\android\" == "" set DIRNAME=. 

C:\Users\cntus\Desktop\tarot-timer-web\android>set APP_BASE_NAME=gradlew 

C:\Users\cntus\Desktop\tarot-timer-web\android>set APP_HOME=C:\Users\cntus\Desktop\tarot-timer-web\android\ 

C:\Users\cntus\Desktop\tarot-timer-web\android>for %i in ("C:\Users\cntus\Desktop\tarot-timer-web\android\") do set APP_HOME=%~fi 

C:\Users\cntus\Desktop\tarot-timer-web\android>set APP_HOME=C:\Users\cntus\Desktop\tarot-timer-web\android\ 

C:\Users\cntus\Desktop\tarot-timer-web\android>set DEFAULT_JVM_OPTS="-Xmx64m" "-Xms64m" 

C:\Users\cntus\Desktop\tarot-timer-web\android>if defined JAVA_HOME goto findJavaFromJavaHome 

C:\Users\cntus\Desktop\tarot-timer-web\android>set JAVA_HOME=C:\Program Files\Eclipse Adoptium\jdk-17.0.16.8-hotspot 

C:\Users\cntus\Desktop\tarot-timer-web\android>set JAVA_EXE=C:\Program Files\Eclipse Adoptium\jdk-17.0.16.8-hotspot/bin/java.exe 

C:\Users\cntus\Desktop\tarot-timer-web\android>if exist "C:\Program Files\Eclipse Adoptium\jdk-17.0.16.8-hotspot/bin/java.exe" goto execute 

C:\Users\cntus\Desktop\tarot-timer-web\android>set CLASSPATH= 

C:\Users\cntus\Desktop\tarot-timer-web\android>"C:\Program Files\Eclipse Adoptium\jdk-17.0.16.8-hotspot/bin/java.exe" "-Xmx64m" "-Xms64m"   "-Dorg.gradle.appname=gradlew" -classpath "" -jar "C:\Users\cntus\Desktop\tarot-timer-web\android\\gradle\wrapper\gradle-wrapper.jar" bundleRelease 
> Task :expo-gradle-plugin:expo-autolinking-settings-plugin:checkKotlinGradlePluginConfigurationErrors SKIPPED
> Task :expo-gradle-plugin:expo-autolinking-plugin-shared:checkKotlinGradlePluginConfigurationErrors SKIPPED
> Task :gradle-plugin:settings-plugin:checkKotlinGradlePluginConfigurationErrors SKIPPED
> Task :gradle-plugin:shared:checkKotlinGradlePluginConfigurationErrors SKIPPED
> Task :gradle-plugin:settings-plugin:pluginDescriptors
> Task :expo-gradle-plugin:expo-autolinking-settings-plugin:pluginDescriptors
> Task :gradle-plugin:settings-plugin:processResources
> Task :expo-gradle-plugin:expo-autolinking-settings-plugin:processResources
> Task :gradle-plugin:shared:processResources NO-SOURCE
> Task :expo-gradle-plugin:expo-autolinking-plugin-shared:processResources NO-SOURCE
> Task :gradle-plugin:shared:compileKotlin
> Task :gradle-plugin:shared:compileJava NO-SOURCE
> Task :gradle-plugin:shared:classes UP-TO-DATE
> Task :gradle-plugin:shared:jar
> Task :expo-gradle-plugin:expo-autolinking-plugin-shared:compileKotlin
> Task :expo-gradle-plugin:expo-autolinking-plugin-shared:compileJava NO-SOURCE
> Task :expo-gradle-plugin:expo-autolinking-plugin-shared:classes UP-TO-DATE
> Task :expo-gradle-plugin:expo-autolinking-plugin-shared:jar
> Task :gradle-plugin:settings-plugin:compileKotlin
> Task :gradle-plugin:settings-plugin:compileJava NO-SOURCE
> Task :gradle-plugin:settings-plugin:classes
> Task :gradle-plugin:settings-plugin:jar
> Task :expo-gradle-plugin:expo-autolinking-settings-plugin:compileKotlin
> Task :expo-gradle-plugin:expo-autolinking-settings-plugin:compileJava NO-SOURCE
> Task :expo-gradle-plugin:expo-autolinking-settings-plugin:classes
> Task :expo-gradle-plugin:expo-autolinking-settings-plugin:jar
> Task :expo-gradle-plugin:expo-autolinking-plugin:checkKotlinGradlePluginConfigurationErrors SKIPPED
> Task :gradle-plugin:react-native-gradle-plugin:checkKotlinGradlePluginConfigurationErrors SKIPPED
> Task :expo-updates-gradle-plugin:checkKotlinGradlePluginConfigurationErrors SKIPPED
> Task :expo-module-gradle-plugin:checkKotlinGradlePluginConfigurationErrors SKIPPED
> Task :expo-updates-gradle-plugin:pluginDescriptors UP-TO-DATE
> Task :expo-module-gradle-plugin:pluginDescriptors UP-TO-DATE
> Task :expo-updates-gradle-plugin:processResources UP-TO-DATE
> Task :expo-module-gradle-plugin:processResources UP-TO-DATE
> Task :expo-gradle-plugin:expo-autolinking-plugin:pluginDescriptors
> Task :expo-gradle-plugin:expo-autolinking-plugin:processResources
> Task :gradle-plugin:react-native-gradle-plugin:pluginDescriptors
> Task :gradle-plugin:react-native-gradle-plugin:processResources
> Task :expo-gradle-plugin:expo-autolinking-plugin:compileKotlin
> Task :expo-gradle-plugin:expo-autolinking-plugin:compileJava NO-SOURCE
> Task :expo-gradle-plugin:expo-autolinking-plugin:classes
> Task :expo-gradle-plugin:expo-autolinking-plugin:jar
> Task :gradle-plugin:react-native-gradle-plugin:compileKotlin
> Task :gradle-plugin:react-native-gradle-plugin:compileJava NO-SOURCE
> Task :gradle-plugin:react-native-gradle-plugin:classes
> Task :gradle-plugin:react-native-gradle-plugin:jar
> Task :expo-module-gradle-plugin:compileKotlin UP-TO-DATE
> Task :expo-module-gradle-plugin:compileJava NO-SOURCE
> Task :expo-module-gradle-plugin:classes UP-TO-DATE
> Task :expo-updates-gradle-plugin:compileKotlin UP-TO-DATE
> Task :expo-updates-gradle-plugin:compileJava NO-SOURCE
> Task :expo-updates-gradle-plugin:classes UP-TO-DATE
> Task :expo-module-gradle-plugin:jar UP-TO-DATE
> Task :expo-updates-gradle-plugin:jar UP-TO-DATE

> Configure project :
[32m[ExpoRootProject][0m Using the following versions:
  - buildTools:  [32m36.0.0[0m
  - minSdk:      [32m24[0m
  - compileSdk:  [32m36[0m
  - targetSdk:   [32m36[0m
  - ndk:         [32m27.1.12297006[0m
  - kotlin:      [32m2.1.20[0m
  - ksp:         [32m2.1.20-2.0.1[0m

> Configure project :app
 ??  [33mApplying gradle plugin[0m '[32mexpo-updates-gradle-plugin[0m'

[Incubating] Problems report is available at: file:///C:/Users/cntus/Desktop/tarot-timer-web/android/build/reports/problems/problems-report.html

FAILURE: Build failed with an exception.

* Where:
Build file 'C:\Users\cntus\Desktop\tarot-timer-web\android\build.gradle' line: 25

* What went wrong:
A problem occurred evaluating root project 'Tarot Timer - Learn Card Meanings'.
> Failed to apply plugin 'com.facebook.react.rootproject'.
   > A problem occurred configuring project ':app'.
      > SDK location not found. Define a valid SDK location with an ANDROID_HOME environment variable or by setting the sdk.dir path in your project's local properties file at 'C:\Users\cntus\Desktop\tarot-timer-web\android\local.properties'.

* Try:
> Run with --stacktrace option to get the stack trace.
> Run with --info or --debug option to get more log output.
> Run with --scan to get full insights.
> Get more help at https://help.gradle.org.

Deprecated Gradle features were used in this build, making it incompatible with Gradle 9.0.

You can use '--warning-mode all' to show the individual deprecation warnings and determine if they come from your own scripts or plugins.

For more on this, please refer to https://docs.gradle.org/8.14.3/userguide/command_line_interface.html#sec:command_line_warnings in the Gradle documentation.

BUILD FAILED in 7s
28 actionable tasks: 20 executed, 8 up-to-date

C:\Users\cntus\Desktop\tarot-timer-web\android>if 1 EQU 0 goto mainEnd 

C:\Users\cntus\Desktop\tarot-timer-web\android>rem Set variable GRADLE_EXIT_CONSOLE if you need the _script_ return code instead of 

C:\Users\cntus\Desktop\tarot-timer-web\android>rem the _cmd.exe /c_ return code! 

C:\Users\cntus\Desktop\tarot-timer-web\android>set EXIT_CODE=1 

C:\Users\cntus\Desktop\tarot-timer-web\android>if 1 EQU 0 set EXIT_CODE=1 

C:\Users\cntus\Desktop\tarot-timer-web\android>if not "" == "" exit 1 

C:\Users\cntus\Desktop\tarot-timer-web\android>exit /b 1 

=== Build Complete ===
AAB Location: android\app\build\outputs\bundle\release\app-release.aab
